2026-09-05T16:57:00-03:00 START mode=APPEND_ONLY_REVERSIBLE_FAIL_CLOSED baseline=main@1ddf6d5847320264414a3e5eb4600b5ba19bf5ca
2026-09-05T16:57:00-03:00 READBACK main.protected=false protection.enabled=false required_status_checks=off source=GitHub_branch_readback
2026-09-05T16:57:00-03:00 BRANCH_CREATE branch=rafaelia/session-nibigiri-safe-20260905 base=1ddf6d5847320264414a3e5eb4600b5ba19bf5ca result=OK rollback=delete_or_reset_branch
2026-09-05T16:57:00-03:00 WRITE path=auditoria/sessions/2026-09-05_NIBIGIRI_SAFE_EXECUTION.v1.json result=OK commit=ef70a18fd3aa65e32f2669e3df308ab7dd244bbe
2026-09-05T16:57:00-03:00 WRITE path=auditoria/sessions/2026-09-05_NIBIGIRI_SESSION_INVENTORY.v1.md result=OK commit=3d99c344a0b435a0fb397a4dba9a35f363d8aaa4
2026-09-05T16:57:59-03:00 PR_CREATE pr=519 draft=true result=OK head=3d99c344a0b435a0fb397a4dba9a35f363d8aaa4 base=main
2026-09-05T17:00:00-03:00 WRITE path=auditoria/research_routes/2026-09-05_SEVEN_DIRECTION_XYZ_MATRIX.v1.json result=OK old_branch_commit=f268ee98b755b6a0e01c6af71193ef70515241e3
2026-09-05T17:00:00-03:00 DEFER provider_ruleset_mutation state=TOKEN_VAZIO reason=no_safe_provider_write_proof_in_current_cycle
2026-09-05T17:00:00-03:00 DEFER zero_approval_merge_test state=TOKEN_VAZIO reason=provider_enforcement_not_active
2026-09-05T17:00:00-03:00 CLAIM_BOUNDARY claim_allowed=false invariant="VISAO!=ARTEFATO!=EXECUCAO!=EVIDENCIA!=CLAIM"
2026-09-05T17:24:41-03:00 PR519_MERGED merge_commit=eeb990055b8c665b7616f566acddd0a8fc540de7 included_head=3d99c344a0b435a0fb397a4dba9a35f363d8aaa4 included_commits=2 included_files=2
2026-09-06T02:53:00-03:00 READBACK main=6fc97abea62c38d1b94ca9533446d425366e2099 verified=true protected=false required_status_checks=off
2026-09-06T02:53:00-03:00 DIVERGENCE old_branch=rafaelia/session-nibigiri-safe-20260905 old_head=cdd420eb77f1117e80f4d0cd698e7e4b44cd019b vs_main=6fc97abea62c38d1b94ca9533446d425366e2099 status=diverged ahead_by=19 behind_by=6 merge_base=1ddf6d5847320264414a3e5eb4600b5ba19bf5ca
2026-09-06T02:53:00-03:00 RECOVERY_DECISION action=create_clean_branch_from_current_main force_update=false historical_branch_preserved=true
2026-09-06T02:53:00-03:00 BRANCH_CREATE branch=rafaelia/reversibility-federation-20260906 base=6fc97abea62c38d1b94ca9533446d425366e2099 result=OK rollback=delete_branch
2026-09-06T02:53:00-03:00 REAPPLY scope=reversibility_federation mode=SEMANTIC_REAPPLICATION_FROM_OLD_BRANCH provenance_old_head=cdd420eb77f1117e80f4d0cd698e7e4b44cd019b claim_allowed=false
2026-09-06T02:53:00-03:00 UPDATE broker=legacy_compatible_reversibility_boundary registry=reversibility_binding actions=sha_pinned result=ARTEFATO_PRESENT
2026-09-06T02:53:00-03:00 EXECUTION_BOUNDARY reversibility_catalog_workflow_run=TOKEN_VAZIO until_observed=true
2026-09-06T03:03:20-03:00 PR_CREATE pr=523 draft=true base=main@6fc97abea62c38d1b94ca9533446d425366e2099 head=29116a64f1440cfe2a55b4965db4d28333a17c4d result=OK rollback=close_pr_and_delete_branch
2026-09-06T03:03:20-03:00 COMPARE base=6fc97abea62c38d1b94ca9533446d425366e2099 head=rafaelia/reversibility-federation-20260906 status=ahead behind_by=0 result=PASS_ANTI_DIVERGENCE
